// Jest Snapshot v1, https://goo.gl/fbAQLP

exports[`renders correctly 1`] = `
<div
  className="add-todo-container"
>
  <div
    className="add-todo"
  >
    <div
      className="bp3-input-group add-todo-input"
    >
      <input
        className="bp3-input"
        onChange={[Function]}
        onKeyDown={[Function]}
        placeholder="text"
        style={
          Object {
            "paddingRight": 10,
          }
        }
        type="text"
        value=""
      />
    </div>
    <button
      className="bp3-button bp3-minimal"
      onClick={[Function]}
      onKeyDown={[Function]}
      onKeyUp={[Function]}
      type="button"
    >
      <span
        className="bp3-icon bp3-icon-add"
      >
        <svg
          data-icon="add"
          height={16}
          viewBox="0 0 16 16"
          width={16}
        >
          <desc>
            add
          </desc>
          <path
            d="M10.99 6.99h-2v-2c0-.55-.45-1-1-1s-1 .45-1 1v2h-2c-.55 0-1 .45-1 1s.45 1 1 1h2v2c0 .55.45 1 1 1s1-.45 1-1v-2h2c.55 0 1-.45 1-1s-.45-1-1-1zm-3-7c-4.42 0-8 3.58-8 8s3.58 8 8 8 8-3.58 8-8-3.58-8-8-8zm0 14c-3.31 0-6-2.69-6-6s2.69-6 6-6 6 2.69 6 6-2.68 6-6 6z"
            fillRule="evenodd"
          />
        </svg>
      </span>
    </button>
  </div>
</div>
`;
